Archive member included to satisfy reference by file (symbol)

/usr/local/bin/../lib/gcc/arm-none-eabi/10.3.1/../../../../arm-none-eabi/lib/thumb/v6-m/nofp/libc_nano.a(lib_a-exit.o)
                              /usr/local/bin/../lib/gcc/arm-none-eabi/10.3.1/../../../../arm-none-eabi/lib/thumb/v6-m/nofp/crt0.o (exit)
/usr/local/bin/../lib/gcc/arm-none-eabi/10.3.1/../../../../arm-none-eabi/lib/thumb/v6-m/nofp/libc_nano.a(lib_a-impure.o)
                              /usr/local/bin/../lib/gcc/arm-none-eabi/10.3.1/../../../../arm-none-eabi/lib/thumb/v6-m/nofp/libc_nano.a(lib_a-exit.o) (_global_impure_ptr)
/usr/local/bin/../lib/gcc/arm-none-eabi/10.3.1/../../../../arm-none-eabi/lib/thumb/v6-m/nofp/libc_nano.a(lib_a-init.o)
                              /usr/local/bin/../lib/gcc/arm-none-eabi/10.3.1/../../../../arm-none-eabi/lib/thumb/v6-m/nofp/crt0.o (__libc_init_array)
/usr/local/bin/../lib/gcc/arm-none-eabi/10.3.1/../../../../arm-none-eabi/lib/thumb/v6-m/nofp/libc_nano.a(lib_a-memset.o)
                              /usr/local/bin/../lib/gcc/arm-none-eabi/10.3.1/../../../../arm-none-eabi/lib/thumb/v6-m/nofp/crt0.o (memset)
/usr/local/bin/../lib/gcc/arm-none-eabi/10.3.1/../../../../arm-none-eabi/lib/thumb/v6-m/nofp/libnosys.a(_exit.o)
                              /usr/local/bin/../lib/gcc/arm-none-eabi/10.3.1/../../../../arm-none-eabi/lib/thumb/v6-m/nofp/libc_nano.a(lib_a-exit.o) (_exit)
/usr/local/bin/../lib/gcc/arm-none-eabi/10.3.1/thumb/v6-m/nofp/libgcc.a(_udivsi3.o)
                              build/stm32c0xx_hal.o (__aeabi_uidiv)
/usr/local/bin/../lib/gcc/arm-none-eabi/10.3.1/thumb/v6-m/nofp/libgcc.a(_divsi3.o)
                              build/stm32c0xx_hal_uart_ex.o (__aeabi_idiv)
/usr/local/bin/../lib/gcc/arm-none-eabi/10.3.1/thumb/v6-m/nofp/libgcc.a(_dvmd_tls.o)
                              /usr/local/bin/../lib/gcc/arm-none-eabi/10.3.1/thumb/v6-m/nofp/libgcc.a(_udivsi3.o) (__aeabi_idiv0)

Discarded input sections

 .text          0x0000000000000000        0x0 /usr/local/bin/../lib/gcc/arm-none-eabi/10.3.1/thumb/v6-m/nofp/crti.o
 .data          0x0000000000000000        0x0 /usr/local/bin/../lib/gcc/arm-none-eabi/10.3.1/thumb/v6-m/nofp/crti.o
 .bss           0x0000000000000000        0x0 /usr/local/bin/../lib/gcc/arm-none-eabi/10.3.1/thumb/v6-m/nofp/crti.o
 .data          0x0000000000000000        0x4 /usr/local/bin/../lib/gcc/arm-none-eabi/10.3.1/thumb/v6-m/nofp/crtbegin.o
 .rodata        0x0000000000000000       0x24 /usr/local/bin/../lib/gcc/arm-none-eabi/10.3.1/thumb/v6-m/nofp/crtbegin.o
 .text          0x0000000000000000       0x80 /usr/local/bin/../lib/gcc/arm-none-eabi/10.3.1/../../../../arm-none-eabi/lib/thumb/v6-m/nofp/crt0.o
 .data          0x0000000000000000        0x0 /usr/local/bin/../lib/gcc/arm-none-eabi/10.3.1/../../../../arm-none-eabi/lib/thumb/v6-m/nofp/crt0.o
 .bss           0x0000000000000000        0x0 /usr/local/bin/../lib/gcc/arm-none-eabi/10.3.1/../../../../arm-none-eabi/lib/thumb/v6-m/nofp/crt0.o
 .ARM.extab     0x0000000000000000        0x0 /usr/local/bin/../lib/gcc/arm-none-eabi/10.3.1/../../../../arm-none-eabi/lib/thumb/v6-m/nofp/crt0.o
 .ARM.exidx     0x0000000000000000       0x10 /usr/local/bin/../lib/gcc/arm-none-eabi/10.3.1/../../../../arm-none-eabi/lib/thumb/v6-m/nofp/crt0.o
 .ARM.attributes
                0x0000000000000000       0x1b /usr/local/bin/../lib/gcc/arm-none-eabi/10.3.1/../../../../arm-none-eabi/lib/thumb/v6-m/nofp/crt0.o
 .text          0x0000000000000000        0x0 build/main.o
 .data          0x0000000000000000        0x0 build/main.o
 .bss           0x0000000000000000        0x0 build/main.o
 .text          0x0000000000000000        0x0 build/stm32c0xx_it.o
 .data          0x0000000000000000        0x0 build/stm32c0xx_it.o
 .bss           0x0000000000000000        0x0 build/stm32c0xx_it.o
 .text          0x0000000000000000        0x0 build/stm32c0xx_hal_msp.o
 .data          0x0000000000000000        0x0 build/stm32c0xx_hal_msp.o
 .bss           0x0000000000000000        0x0 build/stm32c0xx_hal_msp.o
 .text.HAL_I2C_MspDeInit
                0x0000000000000000       0x40 build/stm32c0xx_hal_msp.o
 .text.HAL_UART_MspDeInit
                0x0000000000000000       0x30 build/stm32c0xx_hal_msp.o
 .text          0x0000000000000000        0x0 build/stm32c0xx_hal.o
 .data          0x0000000000000000        0x0 build/stm32c0xx_hal.o
 .bss           0x0000000000000000        0x0 build/stm32c0xx_hal.o
 .text.HAL_MspInit
                0x0000000000000000        0x2 build/stm32c0xx_hal.o
 .text.HAL_MspDeInit
                0x0000000000000000        0x2 build/stm32c0xx_hal.o
 .text.HAL_DeInit
                0x0000000000000000       0x28 build/stm32c0xx_hal.o
 .text.HAL_GetTickPrio
                0x0000000000000000        0xc build/stm32c0xx_hal.o
 .text.HAL_SetTickFreq
                0x0000000000000000       0x2c build/stm32c0xx_hal.o
 .text.HAL_GetTickFreq
                0x0000000000000000        0xc build/stm32c0xx_hal.o
 .text.HAL_Delay
[...]
Memory Configuration

Name             Origin             Length             Attributes
RAM              0x0000000020000000 0x0000000000003000 xrw
FLASH            0x0000000008000000 0x0000000000008000 xr
*default*        0x0000000000000000 0xffffffffffffffff

Linker script and memory map

LOAD /usr/local/bin/../lib/gcc/arm-none-eabi/10.3.1/thumb/v6-m/nofp/crti.o
LOAD /usr/local/bin/../lib/gcc/arm-none-eabi/10.3.1/thumb/v6-m/nofp/crtbegin.o
LOAD /usr/local/bin/../lib/gcc/arm-none-eabi/10.3.1/../../../../arm-none-eabi/lib/thumb/v6-m/nofp/crt0.o
LOAD build/main.o
LOAD build/stm32c0xx_it.o
LOAD build/stm32c0xx_hal_msp.o
LOAD build/stm32c0xx_hal.o
LOAD build/stm32c0xx_hal_cortex.o
LOAD build/stm32c0xx_hal_rcc.o
LOAD build/stm32c0xx_hal_rcc_ex.o
LOAD build/stm32c0xx_hal_flash.o
LOAD build/stm32c0xx_hal_flash_ex.o
LOAD build/stm32c0xx_hal_gpio.o
LOAD build/stm32c0xx_hal_dma.o
LOAD build/stm32c0xx_hal_dma_ex.o
LOAD build/stm32c0xx_hal_pwr.o
LOAD build/stm32c0xx_hal_pwr_ex.o
LOAD build/stm32c0xx_hal_exti.o
LOAD build/stm32c0xx_hal_i2c.o
LOAD build/stm32c0xx_hal_i2c_ex.o
LOAD build/stm32c0xx_hal_uart.o
LOAD build/stm32c0xx_hal_uart_ex.o
LOAD build/system_stm32c0xx.o
LOAD build/startup_stm32c031xx.o
LOAD /usr/local/bin/../lib/gcc/arm-none-eabi/10.3.1/../../../../arm-none-eabi/lib/thumb/v6-m/nofp/libc_nano.a
LOAD /usr/local/bin/../lib/gcc/arm-none-eabi/10.3.1/../../../../arm-none-eabi/lib/thumb/v6-m/nofp/libm.a
LOAD /usr/local/bin/../lib/gcc/arm-none-eabi/10.3.1/../../../../arm-none-eabi/lib/thumb/v6-m/nofp/libnosys.a
START GROUP
LOAD /usr/local/bin/../lib/gcc/arm-none-eabi/10.3.1/thumb/v6-m/nofp/libgcc.a
LOAD /usr/local/bin/../lib/gcc/arm-none-eabi/10.3.1/../../../../arm-none-eabi/lib/thumb/v6-m/nofp/libc_nano.a
END GROUP
START GROUP
LOAD /usr/local/bin/../lib/gcc/arm-none-eabi/10.3.1/thumb/v6-m/nofp/libgcc.a
LOAD /usr/local/bin/../lib/gcc/arm-none-eabi/10.3.1/../../../../arm-none-eabi/lib/thumb/v6-m/nofp/libc_nano.a
END GROUP
LOAD /usr/local/bin/../lib/gcc/arm-none-eabi/10.3.1/thumb/v6-m/nofp/crtend.o
LOAD /usr/local/bin/../lib/gcc/arm-none-eabi/10.3.1/thumb/v6-m/nofp/crtn.o
                0x0000000020003000                _estack = (ORIGIN (RAM) + LENGTH (RAM))
                0x0000000000000200                _Min_Heap_Size = 0x200
                0x0000000000000400                _Min_Stack_Size = 0x400

.isr_vector     0x0000000008000000       0xc0
                0x0000000008000000                . = ALIGN (0x4)
 *(.isr_vector)
 .isr_vector    0x0000000008000000       0xc0 build/startup_stm32c031xx.o
                0x0000000008000000                g_pfnVectors
                0x00000000080000c0                . = ALIGN (0x4)

.text           0x00000000080000c0     0x14d4
                0x00000000080000c0                . = ALIGN (0x4)
 *(.text)
 .text          0x00000000080000c0       0x48 /usr/local/bin/../lib/gcc/arm-none-eabi/10.3.1/thumb/v6-m/nofp/crtbegin.o
 .text          0x0000000008000108      0x114 /usr/local/bin/../lib/gcc/arm-none-eabi/10.3.1/thumb/v6-m/nofp/libgcc.a(_udivsi3.o)
                0x0000000008000108                __udivsi3
                0x0000000008000108                __aeabi_uidiv
                0x0000000008000214                __aeabi_uidivmod
 .text          0x000000000800021c        0x4 /usr/local/bin/../lib/gcc/arm-none-eabi/10.3.1/thumb/v6-m/nofp/libgcc.a(_dvmd_tls.o)
                0x000000000800021c                __aeabi_ldiv0
                0x000000000800021c                __aeabi_idiv0
 *(.text*)
 .text.MX_GPIO_Init
                0x0000000008000220       0xa8 build/main.o
 .text.Error_Handler
                0x00000000080002c8        0x4 build/main.o
                0x00000000080002c8                Error_Handler
 .text.MX_I2C1_Init
                0x00000000080002cc       0x58 build/main.o
 .text.MX_USART2_UART_Init
                0x0000000008000324       0x3c build/main.o
 .text.SystemClock_Config
                0x0000000008000360       0x54 build/main.o
                0x0000000008000360                SystemClock_Config
 .text.main     0x00000000080003b4       0x18 build/main.o
                0x00000000080003b4                main
 .text.NMI_Handler
                0x00000000080003cc        0x2 build/stm32c0xx_it.o
                0x00000000080003cc                NMI_Handler
 .text.HardFault_Handler
                0x00000000080003ce        0x2 build/stm32c0xx_it.o
                0x00000000080003ce                HardFault_Handler
 .text.SVC_Handler
                0x00000000080003d0        0x2 build/stm32c0xx_it.o
                0x00000000080003d0                SVC_Handler
 .text.PendSV_Handler
                0x00000000080003d2        0x2 build/stm32c0xx_it.o
                0x00000000080003d2                PendSV_Handler
 .text.SysTick_Handler
                0x00000000080003d4        0x8 build/stm32c0xx_it.o
                0x00000000080003d4                SysTick_Handler
 .text.EXTI4_15_IRQHandler
                0x00000000080003dc        0xc build/stm32c0xx_it.o
                0x00000000080003dc                EXTI4_15_IRQHandler
 .text.HAL_MspInit
                0x00000000080003e8       0x30 build/stm32c0xx_hal_msp.o
                0x00000000080003e8                HAL_MspInit
 .text.HAL_I2C_MspInit
                0x0000000008000418       0x88 build/stm32c0xx_hal_msp.o
                0x0000000008000418                HAL_I2C_MspInit
 .text.HAL_UART_MspInit
                0x00000000080004a0       0x60 build/stm32c0xx_hal_msp.o
                0x00000000080004a0                HAL_UART_MspInit
 .text.HAL_InitTick
                0x0000000008000500       0x58 build/stm32c0xx_hal.o
                0x0000000008000500                HAL_InitTick
 .text.HAL_Init
                0x0000000008000558       0x18 build/stm32c0xx_hal.o
                0x0000000008000558                HAL_Init
 .text.HAL_IncTick
                0x0000000008000570       0x18 build/stm32c0xx_hal.o
                0x0000000008000570                HAL_IncTick
 .text.HAL_GetTick
                0x0000000008000588        0xc build/stm32c0xx_hal.o
                0x0000000008000588                HAL_GetTick
 .text.HAL_NVIC_SetPriority
                0x0000000008000594       0x60 build/stm32c0xx_hal_cortex.o
                0x0000000008000594                HAL_NVIC_SetPriority
 .text.HAL_NVIC_EnableIRQ
                0x00000000080005f4       0x18 build/stm32c0xx_hal_cortex.o
                0x00000000080005f4                HAL_NVIC_EnableIRQ
 .text.HAL_SYSTICK_Config
                0x000000000800060c       0x38 build/stm32c0xx_hal_cortex.o
                0x000000000800060c                HAL_SYSTICK_Config
 .text.HAL_RCC_OscConfig
                0x0000000008000644      0x2bc build/stm32c0xx_hal_rcc.o
                0x0000000008000644                HAL_RCC_OscConfig
 .text.HAL_RCC_GetSysClockFreq
                0x0000000008000900       0x5c build/stm32c0xx_hal_rcc.o
                0x0000000008000900                HAL_RCC_GetSysClockFreq
 .text.HAL_RCC_ClockConfig
                0x000000000800095c      0x190 build/stm32c0xx_hal_rcc.o
                0x000000000800095c                HAL_RCC_ClockConfig
 .text.HAL_RCC_GetHCLKFreq
                0x0000000008000aec        0xc build/stm32c0xx_hal_rcc.o
                0x0000000008000aec                HAL_RCC_GetHCLKFreq
 .text.HAL_RCC_GetPCLK1Freq
                0x0000000008000af8       0x28 build/stm32c0xx_hal_rcc.o
                0x0000000008000af8                HAL_RCC_GetPCLK1Freq
 .text.HAL_RCCEx_PeriphCLKConfig
                0x0000000008000b20      0x134 build/stm32c0xx_hal_rcc_ex.o
                0x0000000008000b20                HAL_RCCEx_PeriphCLKConfig
 .text.HAL_GPIO_Init
                0x0000000008000c54      0x1bc build/stm32c0xx_hal_gpio.o
                0x0000000008000c54                HAL_GPIO_Init
 .text.HAL_GPIO_WritePin
                0x0000000008000e10        0xc build/stm32c0xx_hal_gpio.o
                0x0000000008000e10                HAL_GPIO_WritePin
 .text.HAL_GPIO_EXTI_Rising_Callback
                0x0000000008000e1c        0x2 build/stm32c0xx_hal_gpio.o
                0x0000000008000e1c                HAL_GPIO_EXTI_Rising_Callback
 .text.HAL_GPIO_EXTI_Falling_Callback
                0x0000000008000e1e        0x2 build/stm32c0xx_hal_gpio.o
                0x0000000008000e1e                HAL_GPIO_EXTI_Falling_Callback
 .text.HAL_GPIO_EXTI_IRQHandler
                0x0000000008000e20       0x30 build/stm32c0xx_hal_gpio.o
                0x0000000008000e20                HAL_GPIO_EXTI_IRQHandler
 .text.HAL_I2C_Init
                0x0000000008000e50       0xdc build/stm32c0xx_hal_i2c.o
                0x0000000008000e50                HAL_I2C_Init
 .text.HAL_I2CEx_ConfigAnalogFilter
                0x0000000008000f2c       0x58 build/stm32c0xx_hal_i2c_ex.o
                0x0000000008000f2c                HAL_I2CEx_ConfigAnalogFilter
 .text.HAL_I2CEx_ConfigDigitalFilter
                0x0000000008000f84       0x54 build/stm32c0xx_hal_i2c_ex.o
                0x0000000008000f84                HAL_I2CEx_ConfigDigitalFilter
 .text.UART_EndRxTransfer
                0x0000000008000fd8       0x64 build/stm32c0xx_hal_uart.o
 .text.UART_SetConfig
                0x000000000800103c      0x1c8 build/stm32c0xx_hal_uart.o
                0x000000000800103c                UART_SetConfig
 .text.UART_AdvFeatureConfig
                0x0000000008001204       0xe0 build/stm32c0xx_hal_uart.o
                0x0000000008001204                UART_AdvFeatureConfig
 .text.UART_WaitOnFlagUntilTimeout
                0x00000000080012e4       0x96 build/stm32c0xx_hal_uart.o
                0x00000000080012e4                UART_WaitOnFlagUntilTimeout
 *fill*         0x000000000800137a        0x2 
 .text.UART_CheckIdleState
                0x000000000800137c       0xd4 build/stm32c0xx_hal_uart.o
                0x000000000800137c                UART_CheckIdleState
 .text.HAL_UART_Init
                0x0000000008001450       0x70 build/stm32c0xx_hal_uart.o
                0x0000000008001450                HAL_UART_Init
 .text.SystemInit
                0x00000000080014c0       0x10 build/system_stm32c0xx.o
                0x00000000080014c0                SystemInit
 .text.Reset_Handler
                0x00000000080014d0       0x50 build/startup_stm32c031xx.o
                0x00000000080014d0                Reset_Handler
 .text.Default_Handler
                0x0000000008001520        0x2 build/startup_stm32c031xx.o
                0x0000000008001520                TIM1_BRK_UP_TRG_COM_IRQHandler
                0x0000000008001520                I2C1_IRQHandler
                0x0000000008001520                DMAMUX1_IRQHandler
                0x0000000008001520                SPI1_IRQHandler
                0x0000000008001520                EXTI2_3_IRQHandler
                0x0000000008001520                ADC1_IRQHandler
                0x0000000008001520                TIM17_IRQHandler
                0x0000000008001520                RTC_IRQHandler
                0x0000000008001520                TIM16_IRQHandler
                0x0000000008001520                TIM3_IRQHandler
                0x0000000008001520                RCC_IRQHandler
                0x0000000008001520                DMA1_Channel1_IRQHandler
                0x0000000008001520                Default_Handler
                0x0000000008001520                TIM14_IRQHandler
                0x0000000008001520                EXTI0_1_IRQHandler
                0x0000000008001520                WWDG_IRQHandler
                0x0000000008001520                DMA1_Channel2_3_IRQHandler
                0x0000000008001520                USART2_IRQHandler
                0x0000000008001520                FLASH_IRQHandler
                0x0000000008001520                USART1_IRQHandler
                0x0000000008001520                TIM1_CC_IRQHandler
 *fill*         0x0000000008001522        0x2 
 .text.__libc_init_array
                0x0000000008001524       0x48 /usr/local/bin/../lib/gcc/arm-none-eabi/10.3.1/../../../../arm-none-eabi/lib/thumb/v6-m/nofp/libc_nano.a(lib_a-init.o)
                0x0000000008001524                __libc_init_array
 .text.memset   0x000000000800156c       0x10 /usr/local/bin/../lib/gcc/arm-none-eabi/10.3.1/../../../../arm-none-eabi/lib/thumb/v6-m/nofp/libc_nano.a(lib_a-memset.o)
                0x000000000800156c                memset
 *(.glue_7)
 .glue_7        0x000000000800157c        0x0 linker stubs
 *(.glue_7t)
 .glue_7t       0x000000000800157c        0x0 linker stubs
 *(.eh_frame)
 .eh_frame      0x000000000800157c        0x0 /usr/local/bin/../lib/gcc/arm-none-eabi/10.3.1/thumb/v6-m/nofp/crtbegin.o
 *(.init)
 .init          0x000000000800157c        0x4 /usr/local/bin/../lib/gcc/arm-none-eabi/10.3.1/thumb/v6-m/nofp/crti.o
                0x000000000800157c                _init
 .init          0x0000000008001580        0x8 /usr/local/bin/../lib/gcc/arm-none-eabi/10.3.1/thumb/v6-m/nofp/crtn.o
 *(.fini)
 .fini          0x0000000008001588        0x4 /usr/local/bin/../lib/gcc/arm-none-eabi/10.3.1/thumb/v6-m/nofp/crti.o
                0x0000000008001588                _fini
 .fini          0x000000000800158c        0x8 /usr/local/bin/../lib/gcc/arm-none-eabi/10.3.1/thumb/v6-m/nofp/crtn.o
                0x0000000008001594                . = ALIGN (0x4)
                0x0000000008001594                _etext = .

.vfp11_veneer   0x0000000008001594        0x0
 .vfp11_veneer  0x0000000008001594        0x0 linker stubs

.v4_bx          0x0000000008001594        0x0
 .v4_bx         0x0000000008001594        0x0 linker stubs

.iplt           0x0000000008001594        0x0
 .iplt          0x0000000008001594        0x0 /usr/local/bin/../lib/gcc/arm-none-eabi/10.3.1/thumb/v6-m/nofp/crtbegin.o

.rodata         0x0000000008001594       0x78
                0x0000000008001594                . = ALIGN (0x4)
 *(.rodata)
 *(.rodata*)
 .rodata.UARTPrescTable
                0x0000000008001594       0x18 build/stm32c0xx_hal_uart.o
                0x0000000008001594                UARTPrescTable
 .rodata.AHBPrescTable
                0x00000000080015ac       0x40 build/system_stm32c0xx.o
                0x00000000080015ac                AHBPrescTable
 .rodata.APBPrescTable
                0x00000000080015ec       0x20 build/system_stm32c0xx.o
                0x00000000080015ec                APBPrescTable
                0x000000000800160c                . = ALIGN (0x4)

.rel.dyn        0x000000000800160c        0x0
 .rel.iplt      0x000000000800160c        0x0 /usr/local/bin/../lib/gcc/arm-none-eabi/10.3.1/thumb/v6-m/nofp/crtbegin.o

.ARM.extab
 *(.ARM.extab* .gnu.linkonce.armextab.*)

.ARM            0x000000000800160c        0x0
                0x000000000800160c                __exidx_start = .
 *(.ARM.exidx*)
                0x000000000800160c                __exidx_end = .

.preinit_array  0x000000000800160c        0x0
                0x000000000800160c                PROVIDE (__preinit_array_start = .)
 *(.preinit_array*)
                0x000000000800160c                PROVIDE (__preinit_array_end = .)

.init_array     0x000000000800160c        0x4
                0x000000000800160c                PROVIDE (__init_array_start = .)
 *(SORT_BY_NAME(.init_array.*))
 *(.init_array*)
 .init_array    0x000000000800160c        0x4 /usr/local/bin/../lib/gcc/arm-none-eabi/10.3.1/thumb/v6-m/nofp/crtbegin.o
                0x0000000008001610                PROVIDE (__init_array_end = .)

.fini_array     0x0000000008001610        0x4
                [!provide]                        PROVIDE (__fini_array_start = .)
 *(SORT_BY_NAME(.fini_array.*))
 *(.fini_array*)
 .fini_array    0x0000000008001610        0x4 /usr/local/bin/../lib/gcc/arm-none-eabi/10.3.1/thumb/v6-m/nofp/crtbegin.o
                [!provide]                        PROVIDE (__fini_array_end = .)
                0x0000000008001614                _sidata = LOADADDR (.data)

.data           0x0000000020000000        0xc load address 0x0000000008001614
                0x0000000020000000                . = ALIGN (0x4)
                0x0000000020000000                _sdata = .
 *(.data)
 *(.data*)
 .data.uwTickFreq
                0x0000000020000000        0x1 build/stm32c0xx_hal.o
                0x0000000020000000                uwTickFreq
 *fill*         0x0000000020000001        0x3 
 .data.uwTickPrio
                0x0000000020000004        0x4 build/stm32c0xx_hal.o
                0x0000000020000004                uwTickPrio
 .data.SystemCoreClock
                0x0000000020000008        0x4 build/system_stm32c0xx.o
                0x0000000020000008                SystemCoreClock
                0x000000002000000c                . = ALIGN (0x4)
                0x000000002000000c                _edata = .

.igot.plt       0x000000002000000c        0x0 load address 0x0000000008001620
 .igot.plt      0x000000002000000c        0x0 /usr/local/bin/../lib/gcc/arm-none-eabi/10.3.1/thumb/v6-m/nofp/crtbegin.o
                0x000000002000000c                . = ALIGN (0x4)

.bss            0x000000002000000c      0x108 load address 0x0000000008001620
                0x000000002000000c                _sbss = .
                0x000000002000000c                __bss_start__ = _sbss
 *(.bss)
 .bss           0x000000002000000c       0x1c /usr/local/bin/../lib/gcc/arm-none-eabi/10.3.1/thumb/v6-m/nofp/crtbegin.o
 *(.bss*)
 .bss.hi2c1     0x0000000020000028       0x54 build/main.o
                0x0000000020000028                hi2c1
 .bss.huart2    0x000000002000007c       0x94 build/main.o
                0x000000002000007c                huart2
 .bss.uwTick    0x0000000020000110        0x4 build/stm32c0xx_hal.o
                0x0000000020000110                uwTick
 *(COMMON)
                0x0000000020000114                . = ALIGN (0x4)
                0x0000000020000114                _ebss = .
                0x0000000020000114                __bss_end__ = _ebss

._user_heap_stack
                0x0000000020000114      0x604 load address 0x0000000008001620
                0x0000000020000118                . = ALIGN (0x8)
 *fill*         0x0000000020000114        0x4 
                [!provide]                        PROVIDE (end = .)
                [!provide]                        PROVIDE (_end = .)
                0x0000000020000318                . = (. + _Min_Heap_Size)
 *fill*         0x0000000020000118      0x200 
                0x0000000020000718                . = (. + _Min_Stack_Size)
 *fill*         0x0000000020000318      0x400 
                0x0000000020000718                . = ALIGN (0x8)

/DISCARD/
 libc.a(*)
 libm.a(*)
 libgcc.a(*)

.ARM.attributes
                0x0000000000000000       0x28
 *(.ARM.attributes)
 .ARM.attributes
                0x0000000000000000       0x1e /usr/local/bin/../lib/gcc/arm-none-eabi/10.3.1/thumb/v6-m/nofp/crti.o
 .ARM.attributes
                0x000000000000001e       0x2c /usr/local/bin/../lib/gcc/arm-none-eabi/10.3.1/thumb/v6-m/nofp/crtbegin.o
 .ARM.attributes
                0x000000000000004a       0x2c build/main.o
 .ARM.attributes
                0x0000000000000076       0x2c build/stm32c0xx_it.o
 .ARM.attributes
                0x00000000000000a2       0x2c build/stm32c0xx_hal_msp.o
 .ARM.attributes
                0x00000000000000ce       0x2c build/stm32c0xx_hal.o
 .ARM.attributes
                0x00000000000000fa       0x2c build/stm32c0xx_hal_cortex.o
 .ARM.attributes
                0x0000000000000126       0x2c build/stm32c0xx_hal_rcc.o
 .ARM.attributes
                0x0000000000000152       0x2c build/stm32c0xx_hal_rcc_ex.o
 .ARM.attributes
                0x000000000000017e       0x2c build/stm32c0xx_hal_gpio.o
 .ARM.attributes
                0x00000000000001aa       0x2c build/stm32c0xx_hal_i2c.o
 .ARM.attributes
                0x00000000000001d6       0x2c build/stm32c0xx_hal_i2c_ex.o
 .ARM.attributes
                0x0000000000000202       0x2c build/stm32c0xx_hal_uart.o
 .ARM.attributes
                0x000000000000022e       0x2c build/system_stm32c0xx.o
 .ARM.attributes
                0x000000000000025a       0x22 build/startup_stm32c031xx.o
 .ARM.attributes
                0x000000000000027c       0x2c /usr/local/bin/../lib/gcc/arm-none-eabi/10.3.1/../../../../arm-none-eabi/lib/thumb/v6-m/nofp/libc_nano.a(lib_a-init.o)
 .ARM.attributes
                0x00000000000002a8       0x2c /usr/local/bin/../lib/gcc/arm-none-eabi/10.3.1/../../../../arm-none-eabi/lib/thumb/v6-m/nofp/libc_nano.a(lib_a-memset.o)
 .ARM.attributes
                0x00000000000002d4       0x1e /usr/local/bin/../lib/gcc/arm-none-eabi/10.3.1/thumb/v6-m/nofp/libgcc.a(_udivsi3.o)
 .ARM.attributes
                0x00000000000002f2       0x1e /usr/local/bin/../lib/gcc/arm-none-eabi/10.3.1/thumb/v6-m/nofp/libgcc.a(_dvmd_tls.o)
 .ARM.attributes
                0x0000000000000310       0x1e /usr/local/bin/../lib/gcc/arm-none-eabi/10.3.1/thumb/v6-m/nofp/crtn.o
OUTPUT(build/DriverSetUp.elf elf32-littlearm)
LOAD linker stubs
LOAD /usr/local/bin/../lib/gcc/arm-none-eabi/10.3.1/../../../../arm-none-eabi/lib/thumb/v6-m/nofp/libc.a
LOAD /usr/local/bin/../lib/gcc/arm-none-eabi/10.3.1/../../../../arm-none-eabi/lib/thumb/v6-m/nofp/libm.a
LOAD /usr/local/bin/../lib/gcc/arm-none-eabi/10.3.1/thumb/v6-m/nofp/libgcc.a

.debug_info     0x0000000000000000    0x11089
 .debug_info    0x0000000000000000     0x13f9 build/main.o
 .debug_info    0x00000000000013f9      0x157 build/stm32c0xx_it.o
 .debug_info    0x0000000000001550     0x11b8 build/stm32c0xx_hal_msp.o
 .debug_info    0x0000000000002708      0xa28 build/stm32c0xx_hal.o
 .debug_info    0x0000000000003130      0xa9a build/stm32c0xx_hal_cortex.o
 .debug_info    0x0000000000003bca      0xbfb build/stm32c0xx_hal_rcc.o
 .debug_info    0x00000000000047c5      0x6e0 build/stm32c0xx_hal_rcc_ex.o
 .debug_info    0x0000000000004ea5      0x6c1 build/stm32c0xx_hal_gpio.o
 .debug_info    0x0000000000005566     0x464d build/stm32c0xx_hal_i2c.o
 .debug_info    0x0000000000009bb3      0xb80 build/stm32c0xx_hal_i2c_ex.o
 .debug_info    0x000000000000a733     0x656b build/stm32c0xx_hal_uart.o
 .debug_info    0x0000000000010c9e      0x3c9 build/system_stm32c0xx.o
 .debug_info    0x0000000000011067       0x22 build/startup_stm32c031xx.o

.debug_abbrev   0x0000000000000000     0x1b4b
 .debug_abbrev  0x0000000000000000      0x25c build/main.o
 .debug_abbrev  0x000000000000025c       0xa7 build/stm32c0xx_it.o
 .debug_abbrev  0x0000000000000303      0x1e2 build/stm32c0xx_hal_msp.o
 .debug_abbrev  0x00000000000004e5      0x322 build/stm32c0xx_hal.o
 .debug_abbrev  0x0000000000000807      0x2d4 build/stm32c0xx_hal_cortex.o
 .debug_abbrev  0x0000000000000adb      0x2af build/stm32c0xx_hal_rcc.o
 .debug_abbrev  0x0000000000000d8a      0x275 build/stm32c0xx_hal_rcc_ex.o
 .debug_abbrev  0x0000000000000fff      0x23c build/stm32c0xx_hal_gpio.o
 .debug_abbrev  0x000000000000123b      0x2c1 build/stm32c0xx_hal_i2c.o
 .debug_abbrev  0x00000000000014fc      0x1d5 build/stm32c0xx_hal_i2c_ex.o
 .debug_abbrev  0x00000000000016d1      0x34d build/stm32c0xx_hal_uart.o
 .debug_abbrev  0x0000000000001a1e      0x11b build/system_stm32c0xx.o
 .debug_abbrev  0x0000000000001b39       0x12 build/startup_stm32c031xx.o

.debug_loc      0x0000000000000000     0xc708
 .debug_loc     0x0000000000000000       0xb9 build/main.o
 .debug_loc     0x00000000000000b9       0x40 build/stm32c0xx_it.o
 .debug_loc     0x00000000000000f9      0x1d8 build/stm32c0xx_hal_msp.o
 .debug_loc     0x00000000000002d1      0x2cb build/stm32c0xx_hal.o
 .debug_loc     0x000000000000059c      0x498 build/stm32c0xx_hal_cortex.o
 .debug_loc     0x0000000000000a34      0x76d build/stm32c0xx_hal_rcc.o
 .debug_loc     0x00000000000011a1      0x680 build/stm32c0xx_hal_rcc_ex.o
 .debug_loc     0x0000000000001821      0x50a build/stm32c0xx_hal_gpio.o
 .debug_loc     0x0000000000001d2b     0x59d8 build/stm32c0xx_hal_i2c.o
 .debug_loc     0x0000000000007703      0x2d0 build/stm32c0xx_hal_i2c_ex.o
 .debug_loc     0x00000000000079d3     0x4d07 build/stm32c0xx_hal_uart.o
 .debug_loc     0x000000000000c6da       0x2e build/system_stm32c0xx.o

.debug_aranges  0x0000000000000000      0x918
 .debug_aranges
                0x0000000000000000       0x48 build/main.o
 .debug_aranges
                0x0000000000000048       0x48 build/stm32c0xx_it.o
 .debug_aranges
                0x0000000000000090       0x40 build/stm32c0xx_hal_msp.o
 .debug_aranges
                0x00000000000000d0      0x100 build/stm32c0xx_hal.o
 .debug_aranges
                0x00000000000001d0       0x90 build/stm32c0xx_hal_cortex.o
 .debug_aranges
                0x0000000000000260       0x90 build/stm32c0xx_hal_rcc.o
 .debug_aranges
                0x00000000000002f0       0x40 build/stm32c0xx_hal_rcc_ex.o
 .debug_aranges
                0x0000000000000330       0x68 build/stm32c0xx_hal_gpio.o
 .debug_aranges
                0x0000000000000398      0x2a0 build/stm32c0xx_hal_i2c.o
 .debug_aranges
                0x0000000000000638       0x48 build/stm32c0xx_hal_i2c_ex.o
 .debug_aranges
                0x0000000000000680      0x248 build/stm32c0xx_hal_uart.o
 .debug_aranges
                0x00000000000008c8       0x28 build/system_stm32c0xx.o
 .debug_aranges
                0x00000000000008f0       0x28 build/startup_stm32c031xx.o

.debug_ranges   0x0000000000000000      0x908
 .debug_ranges  0x0000000000000000       0x38 build/main.o
 .debug_ranges  0x0000000000000038       0x38 build/stm32c0xx_it.o
 .debug_ranges  0x0000000000000070       0x30 build/stm32c0xx_hal_msp.o
 .debug_ranges  0x00000000000000a0       0xf0 build/stm32c0xx_hal.o
 .debug_ranges  0x0000000000000190       0xe0 build/stm32c0xx_hal_cortex.o
 .debug_ranges  0x0000000000000270       0xb8 build/stm32c0xx_hal_rcc.o
 .debug_ranges  0x0000000000000328       0x50 build/stm32c0xx_hal_rcc_ex.o
 .debug_ranges  0x0000000000000378       0x58 build/stm32c0xx_hal_gpio.o
 .debug_ranges  0x00000000000003d0      0x290 build/stm32c0xx_hal_i2c.o
 .debug_ranges  0x0000000000000660       0x38 build/stm32c0xx_hal_i2c_ex.o
 .debug_ranges  0x0000000000000698      0x238 build/stm32c0xx_hal_uart.o
 .debug_ranges  0x00000000000008d0       0x18 build/system_stm32c0xx.o
 .debug_ranges  0x00000000000008e8       0x20 build/startup_stm32c031xx.o

.debug_line     0x0000000000000000     0xcb5f
 .debug_line    0x0000000000000000      0x460 build/main.o
 .debug_line    0x0000000000000460      0x195 build/stm32c0xx_it.o
 .debug_line    0x00000000000005f5      0x32d build/stm32c0xx_hal_msp.o
 .debug_line    0x0000000000000922      0x5a9 build/stm32c0xx_hal.o
 .debug_line    0x0000000000000ecb      0x612 build/stm32c0xx_hal_cortex.o
 .debug_line    0x00000000000014dd      0x9f7 build/stm32c0xx_hal_rcc.o
 .debug_line    0x0000000000001ed4      0x592 build/stm32c0xx_hal_rcc_ex.o
 .debug_line    0x0000000000002466      0x670 build/stm32c0xx_hal_gpio.o
 .debug_line    0x0000000000002ad6     0x50fb build/stm32c0xx_hal_i2c.o
 .debug_line    0x0000000000007bd1      0x46f build/stm32c0xx_hal_i2c_ex.o
 .debug_line    0x0000000000008040     0x48ec build/stm32c0xx_hal_uart.o
 .debug_line    0x000000000000c92c      0x1ba build/system_stm32c0xx.o
 .debug_line    0x000000000000cae6       0x79 build/startup_stm32c031xx.o

.debug_str      0x0000000000000000     0x2db6
 .debug_str     0x0000000000000000      0xd7c build/main.o
                                        0xe5c (size before relaxing)
 .debug_str     0x0000000000000d7c       0x9a build/stm32c0xx_it.o
                                        0x204 (size before relaxing)
 .debug_str     0x0000000000000e16      0x152 build/stm32c0xx_hal_msp.o
                                        0xc35 (size before relaxing)
 .debug_str     0x0000000000000f68      0x3f3 build/stm32c0xx_hal.o
                                        0x7e0 (size before relaxing)
 .debug_str     0x000000000000135b      0x34e build/stm32c0xx_hal_cortex.o
                                        0x6b6 (size before relaxing)
 .debug_str     0x00000000000016a9      0x29c build/stm32c0xx_hal_rcc.o
                                        0x6bf (size before relaxing)
 .debug_str     0x0000000000001945       0xcd build/stm32c0xx_hal_rcc_ex.o
                                        0x4f4 (size before relaxing)
 .debug_str     0x0000000000001a12      0x157 build/stm32c0xx_hal_gpio.o
                                        0x400 (size before relaxing)
 .debug_str     0x0000000000001b69      0x8cd build/stm32c0xx_hal_i2c.o
                                       0x109d (size before relaxing)
 .debug_str     0x0000000000002436       0xb5 build/stm32c0xx_hal_i2c_ex.o
                                        0x930 (size before relaxing)
 .debug_str     0x00000000000024eb      0x86a build/stm32c0xx_hal_uart.o
                                       0x1100 (size before relaxing)
 .debug_str     0x0000000000002d55       0x3d build/system_stm32c0xx.o
                                        0x2b9 (size before relaxing)
 .debug_str     0x0000000000002d92       0x24 build/startup_stm32c031xx.o
                                         0x56 (size before relaxing)

.comment        0x0000000000000000       0x49
 .comment       0x0000000000000000       0x49 build/main.o
                                         0x4a (size before relaxing)
 .comment       0x0000000000000049       0x4a build/stm32c0xx_it.o
 .comment       0x0000000000000049       0x4a build/stm32c0xx_hal_msp.o
 .comment       0x0000000000000049       0x4a build/stm32c0xx_hal.o
 .comment       0x0000000000000049       0x4a build/stm32c0xx_hal_cortex.o
 .comment       0x0000000000000049       0x4a build/stm32c0xx_hal_rcc.o
 .comment       0x0000000000000049       0x4a build/stm32c0xx_hal_rcc_ex.o
 .comment       0x0000000000000049       0x4a build/stm32c0xx_hal_gpio.o
 .comment       0x0000000000000049       0x4a build/stm32c0xx_hal_i2c.o
 .comment       0x0000000000000049       0x4a build/stm32c0xx_hal_i2c_ex.o
 .comment       0x0000000000000049       0x4a build/stm32c0xx_hal_uart.o
 .comment       0x0000000000000049       0x4a build/system_stm32c0xx.o

.debug_frame    0x0000000000000000     0x1878
 .debug_frame   0x0000000000000000       0xa0 build/main.o
 .debug_frame   0x00000000000000a0       0x80 build/stm32c0xx_it.o
 .debug_frame   0x0000000000000120       0x8c build/stm32c0xx_hal_msp.o
 .debug_frame   0x00000000000001ac      0x20c build/stm32c0xx_hal.o
 .debug_frame   0x00000000000003b8      0x114 build/stm32c0xx_hal_cortex.o
 .debug_frame   0x00000000000004cc      0x160 build/stm32c0xx_hal_rcc.o
 .debug_frame   0x000000000000062c       0x84 build/stm32c0xx_hal_rcc_ex.o
 .debug_frame   0x00000000000006b0       0xe8 build/stm32c0xx_hal_gpio.o
 .debug_frame   0x0000000000000798      0x8b4 build/stm32c0xx_hal_i2c.o
 .debug_frame   0x000000000000104c       0xb0 build/stm32c0xx_hal_i2c_ex.o
 .debug_frame   0x00000000000010fc      0x6e0 build/stm32c0xx_hal_uart.o
 .debug_frame   0x00000000000017dc       0x30 build/system_stm32c0xx.o
 .debug_frame   0x000000000000180c       0x2c /usr/local/bin/../lib/gcc/arm-none-eabi/10.3.1/../../../../arm-none-eabi/lib/thumb/v6-m/nofp/libc_nano.a(lib_a-init.o)
 .debug_frame   0x0000000000001838       0x20 /usr/local/bin/../lib/gcc/arm-none-eabi/10.3.1/../../../../arm-none-eabi/lib/thumb/v6-m/nofp/libc_nano.a(lib_a-memset.o)
 .debug_frame   0x0000000000001858       0x20 /usr/local/bin/../lib/gcc/arm-none-eabi/10.3.1/thumb/v6-m/nofp/libgcc.a(_udivsi3.o)

Cross Reference Table

Symbol                                            File
ADC1_IRQHandler                                   build/startup_stm32c031xx.o
AHBPrescTable                                     build/system_stm32c0xx.o
                                                  build/stm32c0xx_hal_rcc.o
APBPrescTable                                     build/system_stm32c0xx.o
                                                  build/stm32c0xx_hal_rcc.o
DMA1_Channel1_IRQHandler                          build/startup_stm32c031xx.o
DMA1_Channel2_3_IRQHandler                        build/startup_stm32c031xx.o
DMAMUX1_IRQHandler                                build/startup_stm32c031xx.o
Default_Handler                                   build/startup_stm32c031xx.o
EXTI0_1_IRQHandler                                build/startup_stm32c031xx.o
EXTI2_3_IRQHandler                                build/startup_stm32c031xx.o
EXTI4_15_IRQHandler                               build/stm32c0xx_it.o
Error_Handler                                     build/main.o
                                                  build/stm32c0xx_hal_msp.o
FLASH_FlushCaches                                 build/stm32c0xx_hal_flash_ex.o
FLASH_IRQHandler                                  build/startup_stm32c031xx.o
FLASH_PageErase                                   build/stm32c0xx_hal_flash_ex.o
                                                  build/stm32c0xx_hal_flash.o
FLASH_WaitForLastOperation                        build/stm32c0xx_hal_flash.o
                                                  build/stm32c0xx_hal_flash_ex.o
HAL_DBGMCU_DisableDBGStandbyMode                  build/stm32c0xx_hal.o
HAL_DBGMCU_DisableDBGStopMode                     build/stm32c0xx_hal.o
HAL_DBGMCU_EnableDBGStandbyMode                   build/stm32c0xx_hal.o
HAL_DBGMCU_EnableDBGStopMode                      build/stm32c0xx_hal.o
HAL_DMAEx_ConfigMuxRequestGenerator               build/stm32c0xx_hal_dma_ex.o
HAL_DMAEx_ConfigMuxSync                           build/stm32c0xx_hal_dma_ex.o
HAL_DMAEx_DisableMuxRequestGenerator              build/stm32c0xx_hal_dma_ex.o
HAL_DMAEx_EnableMuxRequestGenerator               build/stm32c0xx_hal_dma_ex.o
HAL_DMAEx_MUX_IRQHandler                          build/stm32c0xx_hal_dma_ex.o
HAL_DMA_Abort                                     build/stm32c0xx_hal_dma.o
                                                  build/stm32c0xx_hal_uart.o
HAL_DMA_Abort_IT                                  build/stm32c0xx_hal_dma.o
                                                  build/stm32c0xx_hal_uart.o
                                                  build/stm32c0xx_hal_i2c.o
HAL_DMA_DeInit                                    build/stm32c0xx_hal_dma.o
HAL_DMA_GetError                                  build/stm32c0xx_hal_dma.o
                                                  build/stm32c0xx_hal_uart.o
HAL_DMA_GetState                                  build/stm32c0xx_hal_dma.o
                                                  build/stm32c0xx_hal_i2c.o
HAL_DMA_IRQHandler                                build/stm32c0xx_hal_dma.o
HAL_DMA_Init                                      build/stm32c0xx_hal_dma.o
HAL_DMA_PollForTransfer                           build/stm32c0xx_hal_dma.o
HAL_DMA_RegisterCallback                          build/stm32c0xx_hal_dma.o
HAL_DMA_Start                                     build/stm32c0xx_hal_dma.o
HAL_DMA_Start_IT                                  build/stm32c0xx_hal_dma.o
                                                  build/stm32c0xx_hal_uart.o
                                                  build/stm32c0xx_hal_i2c.o
HAL_DMA_UnRegisterCallback                        build/stm32c0xx_hal_dma.o
HAL_DeInit                                        build/stm32c0xx_hal.o
HAL_Delay                                         build/stm32c0xx_hal.o
HAL_EXTI_ClearConfigLine                          build/stm32c0xx_hal_exti.o
HAL_EXTI_ClearPending                             build/stm32c0xx_hal_exti.o
HAL_EXTI_GenerateSWI                              build/stm32c0xx_hal_exti.o
HAL_EXTI_GetConfigLine                            build/stm32c0xx_hal_exti.o
HAL_EXTI_GetHandle                                build/stm32c0xx_hal_exti.o
HAL_EXTI_GetPending                               build/stm32c0xx_hal_exti.o
HAL_EXTI_IRQHandler                               build/stm32c0xx_hal_exti.o
HAL_EXTI_RegisterCallback                         build/stm32c0xx_hal_exti.o
HAL_EXTI_SetConfigLine                            build/stm32c0xx_hal_exti.o
HAL_FLASHEx_DisableDebugger                       build/stm32c0xx_hal_flash_ex.o
HAL_FLASHEx_EnableDebugger                        build/stm32c0xx_hal_flash_ex.o
HAL_FLASHEx_EnableSecMemProtection                build/stm32c0xx_hal_flash_ex.o
HAL_FLASHEx_Erase                                 build/stm32c0xx_hal_flash_ex.o
HAL_FLASHEx_Erase_IT                              build/stm32c0xx_hal_flash_ex.o
HAL_FLASHEx_FlashEmptyCheck                       build/stm32c0xx_hal_flash_ex.o
HAL_FLASHEx_ForceFlashEmpty                       build/stm32c0xx_hal_flash_ex.o
HAL_FLASHEx_OBGetConfig                           build/stm32c0xx_hal_flash_ex.o
HAL_FLASHEx_OBProgram                             build/stm32c0xx_hal_flash_ex.o
HAL_FLASH_EndOfOperationCallback                  build/stm32c0xx_hal_flash.o
HAL_FLASH_GetError                                build/stm32c0xx_hal_flash.o
HAL_FLASH_IRQHandler                              build/stm32c0xx_hal_flash.o
HAL_FLASH_Lock                                    build/stm32c0xx_hal_flash.o
HAL_FLASH_OB_Launch                               build/stm32c0xx_hal_flash.o
HAL_FLASH_OB_Lock                                 build/stm32c0xx_hal_flash.o
HAL_FLASH_OB_Unlock                               build/stm32c0xx_hal_flash.o
HAL_FLASH_OperationErrorCallback                  build/stm32c0xx_hal_flash.o
HAL_FLASH_Program                                 build/stm32c0xx_hal_flash.o
HAL_FLASH_Program_IT                              build/stm32c0xx_hal_flash.o
HAL_FLASH_Unlock                                  build/stm32c0xx_hal_flash.o
HAL_GPIO_DeInit                                   build/stm32c0xx_hal_gpio.o
                                                  build/stm32c0xx_hal_msp.o
HAL_GPIO_EXTI_Falling_Callback                    build/stm32c0xx_hal_gpio.o
HAL_GPIO_EXTI_IRQHandler                          build/stm32c0xx_hal_gpio.o
                                                  build/stm32c0xx_it.o
HAL_GPIO_EXTI_Rising_Callback                     build/stm32c0xx_hal_gpio.o
HAL_GPIO_Init                                     build/stm32c0xx_hal_gpio.o
                                                  build/stm32c0xx_hal_rcc_ex.o
                                                  build/stm32c0xx_hal_rcc.o
                                                  build/stm32c0xx_hal_msp.o
                                                  build/main.o
HAL_GPIO_LockPin                                  build/stm32c0xx_hal_gpio.o
HAL_GPIO_ReadPin                                  build/stm32c0xx_hal_gpio.o
HAL_GPIO_TogglePin                                build/stm32c0xx_hal_gpio.o
HAL_GPIO_WriteMultipleStatePin                    build/stm32c0xx_hal_gpio.o
HAL_GPIO_WritePin                                 build/stm32c0xx_hal_gpio.o
                                                  build/main.o
HAL_GetDEVID                                      build/stm32c0xx_hal.o
HAL_GetHalVersion                                 build/stm32c0xx_hal.o
HAL_GetREVID                                      build/stm32c0xx_hal.o
HAL_GetTick                                       build/stm32c0xx_hal.o
                                                  build/stm32c0xx_hal_uart_ex.o
                                                  build/stm32c0xx_hal_uart.o
                                                  build/stm32c0xx_hal_i2c.o
                                                  build/stm32c0xx_hal_dma.o
                                                  build/stm32c0xx_hal_flash.o
                                                  build/stm32c0xx_hal_rcc_ex.o
                                                  build/stm32c0xx_hal_rcc.o
HAL_GetTickFreq                                   build/stm32c0xx_hal.o
HAL_GetTickPrio                                   build/stm32c0xx_hal.o
HAL_GetUIDw0                                      build/stm32c0xx_hal.o
HAL_GetUIDw1                                      build/stm32c0xx_hal.o
HAL_GetUIDw2                                      build/stm32c0xx_hal.o
HAL_HalfDuplex_EnableReceiver                     build/stm32c0xx_hal_uart.o
HAL_HalfDuplex_EnableTransmitter                  build/stm32c0xx_hal_uart.o
HAL_HalfDuplex_Init                               build/stm32c0xx_hal_uart.o
HAL_I2CEx_ConfigAnalogFilter                      build/stm32c0xx_hal_i2c_ex.o
                                                  build/main.o
HAL_I2CEx_ConfigDigitalFilter                     build/stm32c0xx_hal_i2c_ex.o
                                                  build/main.o
HAL_I2CEx_DisableFastModePlus                     build/stm32c0xx_hal_i2c_ex.o
HAL_I2CEx_DisableWakeUp                           build/stm32c0xx_hal_i2c_ex.o
HAL_I2CEx_EnableFastModePlus                      build/stm32c0xx_hal_i2c_ex.o
HAL_I2CEx_EnableWakeUp                            build/stm32c0xx_hal_i2c_ex.o
HAL_I2C_AbortCpltCallback                         build/stm32c0xx_hal_i2c.o
HAL_I2C_AddrCallback                              build/stm32c0xx_hal_i2c.o
HAL_I2C_DeInit                                    build/stm32c0xx_hal_i2c.o
HAL_I2C_DisableListen_IT                          build/stm32c0xx_hal_i2c.o
HAL_I2C_ER_IRQHandler                             build/stm32c0xx_hal_i2c.o
HAL_I2C_EV_IRQHandler                             build/stm32c0xx_hal_i2c.o
HAL_I2C_EnableListen_IT                           build/stm32c0xx_hal_i2c.o
HAL_I2C_ErrorCallback                             build/stm32c0xx_hal_i2c.o
HAL_I2C_GetError                                  build/stm32c0xx_hal_i2c.o
HAL_I2C_GetMode                                   build/stm32c0xx_hal_i2c.o
HAL_I2C_GetState                                  build/stm32c0xx_hal_i2c.o
HAL_I2C_Init                                      build/stm32c0xx_hal_i2c.o
                                                  build/main.o
HAL_I2C_IsDeviceReady                             build/stm32c0xx_hal_i2c.o
HAL_I2C_ListenCpltCallback                        build/stm32c0xx_hal_i2c.o
HAL_I2C_MasterRxCpltCallback                      build/stm32c0xx_hal_i2c.o
HAL_I2C_MasterTxCpltCallback                      build/stm32c0xx_hal_i2c.o
HAL_I2C_Master_Abort_IT                           build/stm32c0xx_hal_i2c.o
HAL_I2C_Master_Receive                            build/stm32c0xx_hal_i2c.o
HAL_I2C_Master_Receive_DMA                        build/stm32c0xx_hal_i2c.o
HAL_I2C_Master_Receive_IT                         build/stm32c0xx_hal_i2c.o
HAL_I2C_Master_Seq_Receive_DMA                    build/stm32c0xx_hal_i2c.o
HAL_I2C_Master_Seq_Receive_IT                     build/stm32c0xx_hal_i2c.o
HAL_I2C_Master_Seq_Transmit_DMA                   build/stm32c0xx_hal_i2c.o
HAL_I2C_Master_Seq_Transmit_IT                    build/stm32c0xx_hal_i2c.o
HAL_I2C_Master_Transmit                           build/stm32c0xx_hal_i2c.o
HAL_I2C_Master_Transmit_DMA                       build/stm32c0xx_hal_i2c.o
HAL_I2C_Master_Transmit_IT                        build/stm32c0xx_hal_i2c.o
HAL_I2C_MemRxCpltCallback                         build/stm32c0xx_hal_i2c.o
HAL_I2C_MemTxCpltCallback                         build/stm32c0xx_hal_i2c.o
HAL_I2C_Mem_Read                                  build/stm32c0xx_hal_i2c.o
HAL_I2C_Mem_Read_DMA                              build/stm32c0xx_hal_i2c.o
HAL_I2C_Mem_Read_IT                               build/stm32c0xx_hal_i2c.o
HAL_I2C_Mem_Write                                 build/stm32c0xx_hal_i2c.o
HAL_I2C_Mem_Write_DMA                             build/stm32c0xx_hal_i2c.o
HAL_I2C_Mem_Write_IT                              build/stm32c0xx_hal_i2c.o
HAL_I2C_MspDeInit                                 build/stm32c0xx_hal_msp.o
HAL_I2C_MspInit                                   build/stm32c0xx_hal_msp.o
HAL_I2C_SlaveRxCpltCallback                       build/stm32c0xx_hal_i2c.o
HAL_I2C_SlaveTxCpltCallback                       build/stm32c0xx_hal_i2c.o
HAL_I2C_Slave_Receive                             build/stm32c0xx_hal_i2c.o
HAL_I2C_Slave_Receive_DMA                         build/stm32c0xx_hal_i2c.o
HAL_I2C_Slave_Receive_IT                          build/stm32c0xx_hal_i2c.o
HAL_I2C_Slave_Seq_Receive_DMA                     build/stm32c0xx_hal_i2c.o
HAL_I2C_Slave_Seq_Receive_IT                      build/stm32c0xx_hal_i2c.o
HAL_I2C_Slave_Seq_Transmit_DMA                    build/stm32c0xx_hal_i2c.o
HAL_I2C_Slave_Seq_Transmit_IT                     build/stm32c0xx_hal_i2c.o
HAL_I2C_Slave_Transmit                            build/stm32c0xx_hal_i2c.o
HAL_I2C_Slave_Transmit_DMA                        build/stm32c0xx_hal_i2c.o
HAL_I2C_Slave_Transmit_IT                         build/stm32c0xx_hal_i2c.o
HAL_IncTick                                       build/stm32c0xx_hal.o
                                                  build/stm32c0xx_it.o
HAL_Init                                          build/stm32c0xx_hal.o
                                                  build/main.o
HAL_InitTick                                      build/stm32c0xx_hal.o
                                                  build/stm32c0xx_hal_rcc.o
HAL_LIN_Init                                      build/stm32c0xx_hal_uart.o
HAL_LIN_SendBreak                                 build/stm32c0xx_hal_uart.o
HAL_MPU_ConfigRegion                              build/stm32c0xx_hal_cortex.o
HAL_MPU_Disable                                   build/stm32c0xx_hal_cortex.o
HAL_MPU_Enable                                    build/stm32c0xx_hal_cortex.o
HAL_MspDeInit                                     build/stm32c0xx_hal.o
HAL_MspInit                                       build/stm32c0xx_hal_msp.o
HAL_MultiProcessorEx_AddressLength_Set            build/stm32c0xx_hal_uart_ex.o
HAL_MultiProcessor_DisableMuteMode                build/stm32c0xx_hal_uart.o
HAL_MultiProcessor_EnableMuteMode                 build/stm32c0xx_hal_uart.o
HAL_MultiProcessor_EnterMuteMode                  build/stm32c0xx_hal_uart.o
HAL_MultiProcessor_Init                           build/stm32c0xx_hal_uart.o
HAL_NVIC_ClearPendingIRQ                          build/stm32c0xx_hal_cortex.o
HAL_NVIC_DisableIRQ                               build/stm32c0xx_hal_cortex.o
HAL_NVIC_EnableIRQ                                build/stm32c0xx_hal_cortex.o
                                                  build/main.o
HAL_NVIC_GetPendingIRQ                            build/stm32c0xx_hal_cortex.o
HAL_NVIC_GetPriority                              build/stm32c0xx_hal_cortex.o
HAL_NVIC_SetPendingIRQ                            build/stm32c0xx_hal_cortex.o
HAL_NVIC_SetPriority                              build/stm32c0xx_hal_cortex.o
                                                  build/stm32c0xx_hal.o
                                                  build/main.o
HAL_NVIC_SystemReset                              build/stm32c0xx_hal_cortex.o
HAL_PWREx_BKUPRead                                build/stm32c0xx_hal_pwr_ex.o
HAL_PWREx_BKUPWrite                               build/stm32c0xx_hal_pwr_ex.o
HAL_PWREx_DisableFlashPowerDown                   build/stm32c0xx_hal_pwr_ex.o
HAL_PWREx_DisableGPIOPullDown                     build/stm32c0xx_hal_pwr_ex.o
HAL_PWREx_DisableGPIOPullUp                       build/stm32c0xx_hal_pwr_ex.o
HAL_PWREx_DisableInternalWakeUpLine               build/stm32c0xx_hal_pwr_ex.o
HAL_PWREx_DisablePullUpPullDownConfig             build/stm32c0xx_hal_pwr_ex.o
HAL_PWREx_EnableFlashPowerDown                    build/stm32c0xx_hal_pwr_ex.o
HAL_PWREx_EnableGPIOPullDown                      build/stm32c0xx_hal_pwr_ex.o
HAL_PWREx_EnableGPIOPullUp                        build/stm32c0xx_hal_pwr_ex.o
HAL_PWREx_EnableInternalWakeUpLine                build/stm32c0xx_hal_pwr_ex.o
HAL_PWREx_EnablePullUpPullDownConfig              build/stm32c0xx_hal_pwr_ex.o
HAL_PWREx_EnterSHUTDOWNMode                       build/stm32c0xx_hal_pwr_ex.o
HAL_PWR_DeInit                                    build/stm32c0xx_hal_pwr.o
HAL_PWR_DisableSEVOnPend                          build/stm32c0xx_hal_pwr.o
HAL_PWR_DisableSleepOnExit                        build/stm32c0xx_hal_pwr.o
HAL_PWR_DisableWakeUpPin                          build/stm32c0xx_hal_pwr.o
HAL_PWR_EnableSEVOnPend                           build/stm32c0xx_hal_pwr.o
HAL_PWR_EnableSleepOnExit                         build/stm32c0xx_hal_pwr.o
HAL_PWR_EnableWakeUpPin                           build/stm32c0xx_hal_pwr.o
HAL_PWR_EnterSLEEPMode                            build/stm32c0xx_hal_pwr.o
HAL_PWR_EnterSTANDBYMode                          build/stm32c0xx_hal_pwr.o
HAL_PWR_EnterSTOPMode                             build/stm32c0xx_hal_pwr.o
HAL_RCCEx_DisableLSCO                             build/stm32c0xx_hal_rcc_ex.o
HAL_RCCEx_EnableLSCO                              build/stm32c0xx_hal_rcc_ex.o
HAL_RCCEx_GetPeriphCLKConfig                      build/stm32c0xx_hal_rcc_ex.o
HAL_RCCEx_GetPeriphCLKFreq                        build/stm32c0xx_hal_rcc_ex.o
HAL_RCCEx_PeriphCLKConfig                         build/stm32c0xx_hal_rcc_ex.o
                                                  build/stm32c0xx_hal_msp.o
HAL_RCC_CSSCallback                               build/stm32c0xx_hal_rcc.o
HAL_RCC_ClockConfig                               build/stm32c0xx_hal_rcc.o
                                                  build/main.o
HAL_RCC_DeInit                                    build/stm32c0xx_hal_rcc.o
HAL_RCC_DisableLSECSS                             build/stm32c0xx_hal_rcc.o
HAL_RCC_EnableCSS                                 build/stm32c0xx_hal_rcc.o
HAL_RCC_EnableLSECSS                              build/stm32c0xx_hal_rcc.o
HAL_RCC_GetClockConfig                            build/stm32c0xx_hal_rcc.o
HAL_RCC_GetHCLKFreq                               build/stm32c0xx_hal_rcc.o
HAL_RCC_GetOscConfig                              build/stm32c0xx_hal_rcc.o
HAL_RCC_GetPCLK1Freq                              build/stm32c0xx_hal_rcc.o
                                                  build/stm32c0xx_hal_uart.o
                                                  build/stm32c0xx_hal_rcc_ex.o
HAL_RCC_GetSysClockFreq                           build/stm32c0xx_hal_rcc.o
                                                  build/stm32c0xx_hal_uart.o
                                                  build/stm32c0xx_hal_rcc_ex.o
HAL_RCC_LSECSSCallback                            build/stm32c0xx_hal_rcc.o
HAL_RCC_MCOConfig                                 build/stm32c0xx_hal_rcc.o
HAL_RCC_NMI_IRQHandler                            build/stm32c0xx_hal_rcc.o
HAL_RCC_OscConfig                                 build/stm32c0xx_hal_rcc.o
                                                  build/main.o
HAL_RS485Ex_Init                                  build/stm32c0xx_hal_uart_ex.o
HAL_ResumeTick                                    build/stm32c0xx_hal.o
HAL_SYSCFG_DisableIOAnalogSwitchBooster           build/stm32c0xx_hal.o
HAL_SYSCFG_DisableRemap                           build/stm32c0xx_hal.o
HAL_SYSCFG_EnableIOAnalogSwitchBooster            build/stm32c0xx_hal.o
HAL_SYSCFG_EnableRemap                            build/stm32c0xx_hal.o
HAL_SYSCFG_GetPinBinding                          build/stm32c0xx_hal.o
HAL_SYSCFG_SetPinBinding                          build/stm32c0xx_hal.o
HAL_SYSTICK_CLKSourceConfig                       build/stm32c0xx_hal_cortex.o
HAL_SYSTICK_Callback                              build/stm32c0xx_hal_cortex.o
HAL_SYSTICK_Config                                build/stm32c0xx_hal_cortex.o
                                                  build/stm32c0xx_hal.o
HAL_SYSTICK_IRQHandler                            build/stm32c0xx_hal_cortex.o
HAL_SetTickFreq                                   build/stm32c0xx_hal.o
HAL_SuspendTick                                   build/stm32c0xx_hal.o
HAL_UARTEx_DisableFifoMode                        build/stm32c0xx_hal_uart_ex.o
HAL_UARTEx_DisableStopMode                        build/stm32c0xx_hal_uart_ex.o
HAL_UARTEx_EnableFifoMode                         build/stm32c0xx_hal_uart_ex.o
HAL_UARTEx_EnableStopMode                         build/stm32c0xx_hal_uart_ex.o
HAL_UARTEx_GetRxEventType                         build/stm32c0xx_hal_uart_ex.o
HAL_UARTEx_ReceiveToIdle                          build/stm32c0xx_hal_uart_ex.o
HAL_UARTEx_ReceiveToIdle_DMA                      build/stm32c0xx_hal_uart_ex.o
HAL_UARTEx_ReceiveToIdle_IT                       build/stm32c0xx_hal_uart_ex.o
HAL_UARTEx_RxEventCallback                        build/stm32c0xx_hal_uart.o
HAL_UARTEx_RxFifoFullCallback                     build/stm32c0xx_hal_uart_ex.o
                                                  build/stm32c0xx_hal_uart.o
HAL_UARTEx_SetRxFifoThreshold                     build/stm32c0xx_hal_uart_ex.o
HAL_UARTEx_SetTxFifoThreshold                     build/stm32c0xx_hal_uart_ex.o
HAL_UARTEx_StopModeWakeUpSourceConfig             build/stm32c0xx_hal_uart_ex.o
HAL_UARTEx_TxFifoEmptyCallback                    build/stm32c0xx_hal_uart_ex.o
                                                  build/stm32c0xx_hal_uart.o
HAL_UARTEx_WakeupCallback                         build/stm32c0xx_hal_uart_ex.o
                                                  build/stm32c0xx_hal_uart.o
HAL_UART_Abort                                    build/stm32c0xx_hal_uart.o
HAL_UART_AbortCpltCallback                        build/stm32c0xx_hal_uart.o
HAL_UART_AbortReceive                             build/stm32c0xx_hal_uart.o
HAL_UART_AbortReceiveCpltCallback                 build/stm32c0xx_hal_uart.o
HAL_UART_AbortReceive_IT                          build/stm32c0xx_hal_uart.o
HAL_UART_AbortTransmit                            build/stm32c0xx_hal_uart.o
HAL_UART_AbortTransmitCpltCallback                build/stm32c0xx_hal_uart.o
HAL_UART_AbortTransmit_IT                         build/stm32c0xx_hal_uart.o
HAL_UART_Abort_IT                                 build/stm32c0xx_hal_uart.o
HAL_UART_DMAPause                                 build/stm32c0xx_hal_uart.o
HAL_UART_DMAResume                                build/stm32c0xx_hal_uart.o
HAL_UART_DMAStop                                  build/stm32c0xx_hal_uart.o
HAL_UART_DeInit                                   build/stm32c0xx_hal_uart.o
HAL_UART_DisableReceiverTimeout                   build/stm32c0xx_hal_uart.o
HAL_UART_EnableReceiverTimeout                    build/stm32c0xx_hal_uart.o
HAL_UART_ErrorCallback                            build/stm32c0xx_hal_uart.o
HAL_UART_GetError                                 build/stm32c0xx_hal_uart.o
HAL_UART_GetState                                 build/stm32c0xx_hal_uart.o
HAL_UART_IRQHandler                               build/stm32c0xx_hal_uart.o
HAL_UART_Init                                     build/stm32c0xx_hal_uart.o
                                                  build/main.o
HAL_UART_MspDeInit                                build/stm32c0xx_hal_msp.o
HAL_UART_MspInit                                  build/stm32c0xx_hal_msp.o
                                                  build/stm32c0xx_hal_uart_ex.o
HAL_UART_Receive                                  build/stm32c0xx_hal_uart.o
HAL_UART_Receive_DMA                              build/stm32c0xx_hal_uart.o
HAL_UART_Receive_IT                               build/stm32c0xx_hal_uart.o
HAL_UART_ReceiverTimeout_Config                   build/stm32c0xx_hal_uart.o
HAL_UART_RxCpltCallback                           build/stm32c0xx_hal_uart.o
HAL_UART_RxHalfCpltCallback                       build/stm32c0xx_hal_uart.o
HAL_UART_Transmit                                 build/stm32c0xx_hal_uart.o
HAL_UART_Transmit_DMA                             build/stm32c0xx_hal_uart.o
HAL_UART_Transmit_IT                              build/stm32c0xx_hal_uart.o
HAL_UART_TxCpltCallback                           build/stm32c0xx_hal_uart.o
HAL_UART_TxHalfCpltCallback                       build/stm32c0xx_hal_uart.o
HardFault_Handler                                 build/stm32c0xx_it.o
I2C1_IRQHandler                                   build/startup_stm32c031xx.o
NMI_Handler                                       build/stm32c0xx_it.o
PendSV_Handler                                    build/stm32c0xx_it.o
RCC_IRQHandler                                    build/startup_stm32c031xx.o
RTC_IRQHandler                                    build/startup_stm32c031xx.o
Reset_Handler                                     build/startup_stm32c031xx.o
SPI1_IRQHandler                                   build/startup_stm32c031xx.o
SVC_Handler                                       build/stm32c0xx_it.o
SysTick_Handler                                   build/stm32c0xx_it.o
SystemClock_Config                                build/main.o
SystemCoreClock                                   build/system_stm32c0xx.o
                                                  build/stm32c0xx_hal_rcc.o
                                                  build/stm32c0xx_hal.o
SystemCoreClockUpdate                             build/system_stm32c0xx.o
SystemInit                                        build/system_stm32c0xx.o
                                                  build/startup_stm32c031xx.o
TIM14_IRQHandler                                  build/startup_stm32c031xx.o
TIM16_IRQHandler                                  build/startup_stm32c031xx.o
TIM17_IRQHandler                                  build/startup_stm32c031xx.o
TIM1_BRK_UP_TRG_COM_IRQHandler                    build/startup_stm32c031xx.o
TIM1_CC_IRQHandler                                build/startup_stm32c031xx.o
TIM3_IRQHandler                                   build/startup_stm32c031xx.o
UARTPrescTable                                    build/stm32c0xx_hal_uart.o
UART_AdvFeatureConfig                             build/stm32c0xx_hal_uart.o
                                                  build/stm32c0xx_hal_uart_ex.o
UART_CheckIdleState                               build/stm32c0xx_hal_uart.o
                                                  build/stm32c0xx_hal_uart_ex.o
UART_SetConfig                                    build/stm32c0xx_hal_uart.o
                                                  build/stm32c0xx_hal_uart_ex.o
UART_Start_Receive_DMA                            build/stm32c0xx_hal_uart.o
                                                  build/stm32c0xx_hal_uart_ex.o
UART_Start_Receive_IT                             build/stm32c0xx_hal_uart.o
                                                  build/stm32c0xx_hal_uart_ex.o
UART_WaitOnFlagUntilTimeout                       build/stm32c0xx_hal_uart.o
                                                  build/stm32c0xx_hal_uart_ex.o
USART1_IRQHandler                                 build/startup_stm32c031xx.o
USART2_IRQHandler                                 build/startup_stm32c031xx.o
WWDG_IRQHandler                                   build/startup_stm32c031xx.o
__aeabi_idiv                                      /usr/local/bin/../lib/gcc/arm-none-eabi/10.3.1/thumb/v6-m/nofp/libgcc.a(_divsi3.o)
                                                  build/stm32c0xx_hal_uart_ex.o
__aeabi_idiv0                                     /usr/local/bin/../lib/gcc/arm-none-eabi/10.3.1/thumb/v6-m/nofp/libgcc.a(_dvmd_tls.o)
                                                  /usr/local/bin/../lib/gcc/arm-none-eabi/10.3.1/thumb/v6-m/nofp/libgcc.a(_divsi3.o)
                                                  /usr/local/bin/../lib/gcc/arm-none-eabi/10.3.1/thumb/v6-m/nofp/libgcc.a(_udivsi3.o)
__aeabi_idivmod                                   /usr/local/bin/../lib/gcc/arm-none-eabi/10.3.1/thumb/v6-m/nofp/libgcc.a(_divsi3.o)
__aeabi_ldiv0                                     /usr/local/bin/../lib/gcc/arm-none-eabi/10.3.1/thumb/v6-m/nofp/libgcc.a(_dvmd_tls.o)
__aeabi_uidiv                                     /usr/local/bin/../lib/gcc/arm-none-eabi/10.3.1/thumb/v6-m/nofp/libgcc.a(_udivsi3.o)
                                                  build/stm32c0xx_hal_uart.o
                                                  build/stm32c0xx_hal_dma.o
                                                  build/stm32c0xx_hal_rcc_ex.o
                                                  build/stm32c0xx_hal.o
__aeabi_uidivmod                                  /usr/local/bin/../lib/gcc/arm-none-eabi/10.3.1/thumb/v6-m/nofp/libgcc.a(_udivsi3.o)
__bss_end__                                       /usr/local/bin/../lib/gcc/arm-none-eabi/10.3.1/../../../../arm-none-eabi/lib/thumb/v6-m/nofp/crt0.o
__bss_start__                                     /usr/local/bin/../lib/gcc/arm-none-eabi/10.3.1/../../../../arm-none-eabi/lib/thumb/v6-m/nofp/crt0.o
__call_exitprocs                                  /usr/local/bin/../lib/gcc/arm-none-eabi/10.3.1/../../../../arm-none-eabi/lib/thumb/v6-m/nofp/libc_nano.a(lib_a-exit.o)
__deregister_frame_info                           /usr/local/bin/../lib/gcc/arm-none-eabi/10.3.1/thumb/v6-m/nofp/crtbegin.o
__divsi3                                          /usr/local/bin/../lib/gcc/arm-none-eabi/10.3.1/thumb/v6-m/nofp/libgcc.a(_divsi3.o)
__dso_handle                                      /usr/local/bin/../lib/gcc/arm-none-eabi/10.3.1/thumb/v6-m/nofp/crtbegin.o
__init_array_end                                  /usr/local/bin/../lib/gcc/arm-none-eabi/10.3.1/../../../../arm-none-eabi/lib/thumb/v6-m/nofp/libc_nano.a(lib_a-init.o)
__init_array_start                                /usr/local/bin/../lib/gcc/arm-none-eabi/10.3.1/../../../../arm-none-eabi/lib/thumb/v6-m/nofp/libc_nano.a(lib_a-init.o)
__libc_fini_array                                 /usr/local/bin/../lib/gcc/arm-none-eabi/10.3.1/../../../../arm-none-eabi/lib/thumb/v6-m/nofp/crt0.o
__libc_init_array                                 /usr/local/bin/../lib/gcc/arm-none-eabi/10.3.1/../../../../arm-none-eabi/lib/thumb/v6-m/nofp/libc_nano.a(lib_a-init.o)
                                                  build/startup_stm32c031xx.o
                                                  /usr/local/bin/../lib/gcc/arm-none-eabi/10.3.1/../../../../arm-none-eabi/lib/thumb/v6-m/nofp/crt0.o
__preinit_array_end                               /usr/local/bin/../lib/gcc/arm-none-eabi/10.3.1/../../../../arm-none-eabi/lib/thumb/v6-m/nofp/libc_nano.a(lib_a-init.o)
__preinit_array_start                             /usr/local/bin/../lib/gcc/arm-none-eabi/10.3.1/../../../../arm-none-eabi/lib/thumb/v6-m/nofp/libc_nano.a(lib_a-init.o)
__register_frame_info                             /usr/local/bin/../lib/gcc/arm-none-eabi/10.3.1/thumb/v6-m/nofp/crtbegin.o
__sf_fake_stderr                                  /usr/local/bin/../lib/gcc/arm-none-eabi/10.3.1/../../../../arm-none-eabi/lib/thumb/v6-m/nofp/libc_nano.a(lib_a-impure.o)
__sf_fake_stdin                                   /usr/local/bin/../lib/gcc/arm-none-eabi/10.3.1/../../../../arm-none-eabi/lib/thumb/v6-m/nofp/libc_nano.a(lib_a-impure.o)
__sf_fake_stdout                                  /usr/local/bin/../lib/gcc/arm-none-eabi/10.3.1/../../../../arm-none-eabi/lib/thumb/v6-m/nofp/libc_nano.a(lib_a-impure.o)
__stack                                           /usr/local/bin/../lib/gcc/arm-none-eabi/10.3.1/../../../../arm-none-eabi/lib/thumb/v6-m/nofp/crt0.o
__udivsi3                                         /usr/local/bin/../lib/gcc/arm-none-eabi/10.3.1/thumb/v6-m/nofp/libgcc.a(_udivsi3.o)
_ebss                                             build/startup_stm32c031xx.o
_edata                                            build/startup_stm32c031xx.o
_estack                                           build/startup_stm32c031xx.o
_exit                                             /usr/local/bin/../lib/gcc/arm-none-eabi/10.3.1/../../../../arm-none-eabi/lib/thumb/v6-m/nofp/libnosys.a(_exit.o)
                                                  /usr/local/bin/../lib/gcc/arm-none-eabi/10.3.1/../../../../arm-none-eabi/lib/thumb/v6-m/nofp/libc_nano.a(lib_a-exit.o)
_fini                                             /usr/local/bin/../lib/gcc/arm-none-eabi/10.3.1/thumb/v6-m/nofp/crti.o
_global_impure_ptr                                /usr/local/bin/../lib/gcc/arm-none-eabi/10.3.1/../../../../arm-none-eabi/lib/thumb/v6-m/nofp/libc_nano.a(lib_a-impure.o)
                                                  /usr/local/bin/../lib/gcc/arm-none-eabi/10.3.1/../../../../arm-none-eabi/lib/thumb/v6-m/nofp/libc_nano.a(lib_a-exit.o)
_impure_ptr                                       /usr/local/bin/../lib/gcc/arm-none-eabi/10.3.1/../../../../arm-none-eabi/lib/thumb/v6-m/nofp/libc_nano.a(lib_a-impure.o)
_init                                             /usr/local/bin/../lib/gcc/arm-none-eabi/10.3.1/thumb/v6-m/nofp/crti.o
                                                  /usr/local/bin/../lib/gcc/arm-none-eabi/10.3.1/../../../../arm-none-eabi/lib/thumb/v6-m/nofp/libc_nano.a(lib_a-init.o)
_mainCRTStartup                                   /usr/local/bin/../lib/gcc/arm-none-eabi/10.3.1/../../../../arm-none-eabi/lib/thumb/v6-m/nofp/crt0.o
_sbss                                             build/startup_stm32c031xx.o
_sdata                                            build/startup_stm32c031xx.o
_sidata                                           build/startup_stm32c031xx.o
_stack_init                                       /usr/local/bin/../lib/gcc/arm-none-eabi/10.3.1/../../../../arm-none-eabi/lib/thumb/v6-m/nofp/crt0.o
_start                                            /usr/local/bin/../lib/gcc/arm-none-eabi/10.3.1/../../../../arm-none-eabi/lib/thumb/v6-m/nofp/crt0.o
atexit                                            /usr/local/bin/../lib/gcc/arm-none-eabi/10.3.1/../../../../arm-none-eabi/lib/thumb/v6-m/nofp/crt0.o
exit                                              /usr/local/bin/../lib/gcc/arm-none-eabi/10.3.1/../../../../arm-none-eabi/lib/thumb/v6-m/nofp/libc_nano.a(lib_a-exit.o)
                                                  /usr/local/bin/../lib/gcc/arm-none-eabi/10.3.1/../../../../arm-none-eabi/lib/thumb/v6-m/nofp/crt0.o
g_pfnVectors                                      build/startup_stm32c031xx.o
hardware_init_hook                                /usr/local/bin/../lib/gcc/arm-none-eabi/10.3.1/../../../../arm-none-eabi/lib/thumb/v6-m/nofp/crt0.o
hi2c1                                             build/main.o
huart2                                            build/main.o
main                                              build/main.o
                                                  build/startup_stm32c031xx.o
                                                  /usr/local/bin/../lib/gcc/arm-none-eabi/10.3.1/../../../../arm-none-eabi/lib/thumb/v6-m/nofp/crt0.o
memset                                            /usr/local/bin/../lib/gcc/arm-none-eabi/10.3.1/../../../../arm-none-eabi/lib/thumb/v6-m/nofp/libc_nano.a(lib_a-memset.o)
                                                  build/stm32c0xx_hal_msp.o
                                                  build/main.o
                                                  /usr/local/bin/../lib/gcc/arm-none-eabi/10.3.1/../../../../arm-none-eabi/lib/thumb/v6-m/nofp/crt0.o
pFlash                                            build/stm32c0xx_hal_flash.o
                                                  build/stm32c0xx_hal_flash_ex.o
software_init_hook                                /usr/local/bin/../lib/gcc/arm-none-eabi/10.3.1/../../../../arm-none-eabi/lib/thumb/v6-m/nofp/crt0.o
uwTick                                            build/stm32c0xx_hal.o
uwTickFreq                                        build/stm32c0xx_hal.o
uwTickPrio                                        build/stm32c0xx_hal.o
                                                  build/stm32c0xx_hal_rcc.o
